// Jest Snapshot v1, https://goo.gl/fbAQLP

exports[`When using snapshots Checkbox should render with an element children 1`] = `
<Default__StyledSpan>
  <Form.Checkbox
    className=""
    disabled={false}
    id="1"
    key=".0"
    label=""
    size="md"
    value="myValue"
  >
    <div />
  </Form.Checkbox>
</Default__StyledSpan>
`;
