// Jest Snapshot v1, https://goo.gl/fbAQLP

exports[`When using snapshots Checkbox should render with an element children 1`] = `
.c0 {
  font-family: -apple-system,BlinkMacSystemFont,"Segoe UI",Roboto,Oxygen-Sans,Ubuntu,Cantarell,"Helvetica Neue",sans-serif;
}

.c3 {
  color: #101113;
  background-color: #ffffff;
  margin-bottom: 0.6rem;
  font-size: 1.7rem;
  font-weight: 400;
}

.c1 {
  position: relative;
  color: #101113;
  background-color: #ffffff;
  border-color: #101113;
}

.c2 {
  position: absolute;
  opacity: 0;
  width: 0;
  height: 0;
  margin: 0;
}

.c2 + label {
  font-size: 1.7rem;
  line-height: 3.2rem;
  font-weight: 400;
  padding-left: 3rem;
  cursor: pointer;
  -webkit-transition: opacity 0.2s ease-in-out;
  transition: opacity 0.2s ease-in-out;
}

.c2 + label::before,
.c2 + label::after {
  display: inline-block;
  position: absolute;
  left: 0;
  top: 0.4rem;
  border: 1px solid #ccc;
  border-radius: 3px;
  border-color: #b7b9bb;
  content: '';
  width: 1.7rem;
  height: 1.7rem;
}

.c2 + label::after {
  border-color: transparent;
  -webkit-transform: scale(0);
  -ms-transform: scale(0);
  transform: scale(0);
  padding-left: 0.5px;
  top: -0.4rem;
  content: '\\f00c';
  color: #707377;
  font-family: FontAwesome;
  font-size: 1.4rem;
  text-align: center;
  -webkit-transition: -webkit-transform 0.2s cubic-bezier(0.8,-0.33,0.2,1.33);
  -webkit-transition: transform 0.2s cubic-bezier(0.8,-0.33,0.2,1.33);
  transition: transform 0.2s cubic-bezier(0.8,-0.33,0.2,1.33);
}

.c2:checked + label::after {
  -webkit-transform: scale(1);
  -ms-transform: scale(1);
  transform: scale(1);
  -webkit-transition: -webkit-transform 0.2s cubic-bezier(0.8,-0.33,0.2,1.33);
  -webkit-transition: transform 0.2s cubic-bezier(0.8,-0.33,0.2,1.33);
  transition: transform 0.2s cubic-bezier(0.8,-0.33,0.2,1.33);
}

.c2:disabled + label,
.c2:disabled + label::after {
  opacity: 0.6;
  cursor: not-allowed;
}

<span
  className="c0"
>
  <div
    className="c1"
    disabled={false}
    size="md"
    value="myValue"
  >
    <input
      checked={undefined}
      className="c2"
      disabled={false}
      id="1"
      size="md"
      type="checkbox"
      value="myValue"
    >
      <div />
    </input>
    <label
      className="control-label c3"
      htmlFor="1"
    >
      
    </label>
  </div>
</span>
`;
