// Jest Snapshot v1, https://goo.gl/fbAQLP

exports[`When using snapshots Input should render with an element children 1`] = `
.c0 {
  font-family: -apple-system,BlinkMacSystemFont,"Segoe UI",Roboto,Oxygen-Sans,Ubuntu,Cantarell,"Helvetica Neue",sans-serif;
}

.c1 {
  opacity: 0.8;
  background-color: #ffffff;
  border-color: #c9cacc;
  border-width: 2px;
  border-radius: 0;
  box-shadow: inset 0 1px 1px rgba(0,0,0,0.075);
}

.c1:focus,
.c1.form-control:focus {
  opacity: 1;
  background-color: #ffffff;
  border-color: #2196f3;
  box-shadow: inset 0 1px 1px rgba(0,0,0,0.075);
}

<span
  className="c0"
>
  <div>
    <input
      className="form-control c1"
      disabled={false}
      type="text"
    >
      <div />
    </input>
    
  </div>
</span>
`;

exports[`When using snapshots Input with Hint should render with an element children 1`] = `
.c0 {
  font-family: -apple-system,BlinkMacSystemFont,"Segoe UI",Roboto,Oxygen-Sans,Ubuntu,Cantarell,"Helvetica Neue",sans-serif;
}

.c1 {
  opacity: 0.8;
  background-color: #ffffff;
  border-color: #c9cacc;
  border-width: 2px;
  border-radius: 0;
  box-shadow: inset 0 1px 1px rgba(0,0,0,0.075);
}

.c1:focus,
.c1.form-control:focus {
  opacity: 1;
  background-color: #ffffff;
  border-color: #2196f3;
  box-shadow: inset 0 1px 1px rgba(0,0,0,0.075);
}

<span
  className="c0"
>
  <div>
    <input
      className="form-control c1"
      disabled={false}
      type="text"
    >
      <div />
    </input>
    
  </div>
</span>
`;
