// Jest Snapshot v1, https://goo.gl/fbAQLP

exports[`When using snapshots Radio should render with an element children 1`] = `
<Default__StyledSpan>
  <Form.Radio
    className=""
    disabled={false}
    id="1"
    key=".0"
    label=""
    name="myName"
    size="md"
    value="myValue"
  >
    <div />
  </Form.Radio>
</Default__StyledSpan>
`;
