// Jest Snapshot v1, https://goo.gl/fbAQLP

exports[`When using snapshots TextArea should render with an element children 1`] = `
<styled.span>
  <Form.Textarea
    className=""
    disabled={false}
    hint=""
    innerRef={null}
    key=".0"
    resize="vertical"
    rows={6}
    style={null}
  >
    <div />
  </Form.Textarea>
</styled.span>
`;
