// Jest Snapshot v1, https://goo.gl/fbAQLP

exports[`When using snapshots Should render with an element children 1`] = `
<styled.span>
  <Editor
    className=""
    fixed={
      Object {
        "address": "11000 VeryFarAwayStreet, 98765 VeryCoolCity",
        "age": "32",
        "eyes": "Blue",
        "gender": "Male",
        "hasCat": "yes",
        "name": "Romain",
      }
    }
    key=".0"
    original={
      Object {
        "age": "32",
        "eyes": "Green",
        "gender": "Male",
        "name": "Romain",
        "profession": "Doctor",
      }
    }
    submit={null}
  >
    <div />
  </Editor>
</styled.span>
`;
