// Jest Snapshot v1, https://goo.gl/fbAQLP

exports[`When using snapshots Should render with an element children 1`] = `
<styled.span>
  <Field
    addField={null}
    className=""
    isInactive={false}
    isSelected={false}
    key=".0"
    modifyField={null}
    removeField={null}
    revertField={null}
    selectField={null}
    status={null}
    tag="tag"
    value={null}
  >
    <div />
  </Field>
</styled.span>
`;
