// Jest Snapshot v1, https://goo.gl/fbAQLP

exports[`When using snapshots Should render with an element children 1`] = `
<span
  className="sc-bdVaJa lbJuWU"
>
  <aside
    className="position-top-right direction-horizontal sc-ifAKCX dnOXkw"
  >
    <div
      className="notif-item"
      direction="horizontal"
    />
  </aside>
</span>
`;
