// Jest Snapshot v1, https://goo.gl/fbAQLP

exports[`When using snapshots Should render with an element children 1`] = `
.c0 {
  font-family: -apple-system,BlinkMacSystemFont,"Segoe UI",Roboto,Oxygen-Sans,Ubuntu,Cantarell,"Helvetica Neue",sans-serif;
}

.c1 {
  position: absolute;
  width: 50rem;
  max-width: 100%;
  -webkit-transition: -webkit-transform 500ms ease-in-out;
  -webkit-transition: transform 500ms ease-in-out;
  transition: transform 500ms ease-in-out;
}

.c1.position-top-right {
  top: 0;
  right: 0;
  -webkit-transform: translate(100%,0);
  -ms-transform: translate(100%,0);
  transform: translate(100%,0);
}

.c1.position-top-right.direction-vertical {
  -webkit-transform: translate(0,-100%);
  -ms-transform: translate(0,-100%);
  transform: translate(0,-100%);
}

.c1.position-top-left {
  top: 0;
  left: 0;
  -webkit-transform: translate(-100%,0);
  -ms-transform: translate(-100%,0);
  transform: translate(-100%,0);
}

.c1.position-top-left.direction-vertical {
  -webkit-transform: translate(0,-100%);
  -ms-transform: translate(0,-100%);
  transform: translate(0,-100%);
}

.c1.position-bottom-left {
  bottom: 0;
  left: 0;
  -webkit-transform: translate(-100%,0);
  -ms-transform: translate(-100%,0);
  transform: translate(-100%,0);
}

.c1.position-bottom-left.direction-vertical {
  -webkit-transform: translate(0,100%);
  -ms-transform: translate(0,100%);
  transform: translate(0,100%);
}

.c1.position-bottom-right {
  bottom: 0;
  right: 0;
  -webkit-transform: translate(100%,0);
  -ms-transform: translate(100%,0);
  transform: translate(100%,0);
}

.c1.position-bottom-right.direction-vertical {
  -webkit-transform: translate(0,100%);
  -ms-transform: translate(0,100%);
  transform: translate(0,100%);
}

.c1.position-top {
  top: 0;
  left: 0;
  right: 0;
  width: 50%;
  margin-left: auto;
  margin-right: auto;
  -webkit-transform: translate(100%,0);
  -ms-transform: translate(100%,0);
  transform: translate(100%,0);
}

.c1.position-top.direction-vertical {
  -webkit-transform: translate(0,-100%);
  -ms-transform: translate(0,-100%);
  transform: translate(0,-100%);
}

.c1.position-bottom {
  bottom: 0;
  left: 0;
  right: 0;
  width: 50%;
  margin-left: auto;
  margin-right: auto;
  -webkit-transform: translate(100%,0);
  -ms-transform: translate(100%,0);
  transform: translate(100%,0);
}

.c1.position-bottom.direction-vertical {
  -webkit-transform: translate(0,100%);
  -ms-transform: translate(0,100%);
  transform: translate(0,100%);
}

.c2 {
  position: relative;
  display: -webkit-box;
  display: -webkit-flex;
  display: -ms-flexbox;
  display: flex;
  z-index: 1000;
  width: 100%;
  height: 4rem;
  margin: 0.4rem 0;
  padding: 0 4rem 0 2rem;
  overflow-y: auto;
  font-size: 1.4rem;
  color: #003836;
  background: #b9eeeb;
  border-color: #00c2b8;
  border-style: solid;
  border-width: 0;
  box-shadow: 0 3px 4px -3px rgba(0,0,0,0.5),0 0 2px -1px rgba(0,0,0,0.4);
  -webkit-transition: height 500ms ease-in-out,margin 500ms ease-in-out;
  transition: height 500ms ease-in-out,margin 500ms ease-in-out;
}

.c2.position-top-right,
.c2.position-bottom-right {
  border-left-width: 4px;
}

.c2.position-top-left,
.c2.position-bottom-left {
  border-right-width: 4px;
}

.c2.position-top {
  border-bottom-width: 4px;
}

.c2.position-bottom {
  border-top-width: 4px;
}

.c2 .close-btn {
  display: inline-block;
  position: absolute;
  top: 0;
  right: 0;
  width: 4rem;
  height: 4rem;
  line-height: 4rem;
  padding: 0;
  color: #00c2b8;
  background: none;
  border: none;
}

.c2 .close-btn:hover {
  color: #5cd7d1;
}

.c2 .content {
  display: -webkit-inline-box;
  display: -webkit-inline-flex;
  display: -ms-inline-flexbox;
  display: inline-flex;
  -webkit-flex: 2 1 auto;
  -ms-flex: 2 1 auto;
  flex: 2 1 auto;
  height: 100%;
  -webkit-align-items: center;
  -webkit-box-align: center;
  -ms-flex-align: center;
  align-items: center;
  -webkit-box-pack: justify;
  -webkit-justify-content: space-between;
  -ms-flex-pack: justify;
  justify-content: space-between;
}

.c2 .content * {
  margin-left: 0.5rem;
}

@media (max-width:50rem) {
  .c1 {
    width: 100%;
    font-size: 1.2rem;
  }
}

<span
  className="c0"
>
  <div
    className="position-top-right direction-horizontal c1"
  >
    <aside
      className="position-top-right direction-horizontal c2"
      direction="horizontal"
      id={1}
      onMouseEnter={[Function]}
      onMouseLeave={[Function]}
    >
      <div
        className="content"
      >
        <div />
        <div />
      </div>
      <button
        className="close-btn"
        onClick={[Function]}
      >
        <span
          aria-hidden={true}
          className="fa fa-close fa-lg"
        />
      </button>
    </aside>
  </div>
</span>
`;
