// Jest Snapshot v1, https://goo.gl/fbAQLP

exports[`When using snapshots Should render with an element children 1`] = `
<span
  className="sc-bdVaJa lbJuWU"
>
  <aside
    className="position-top-right direction-horizontal sc-kkGfuU sKCLo"
    direction="horizontal"
    id={1}
    onMouseEnter={[Function]}
    onMouseLeave={[Function]}
    style={undefined}
  >
    <div
      className="icon"
    >
      <span
        aria-hidden={true}
        className="fa fa-info-circle fa-lg"
      />
    </div>
    <div
      className="content"
    >
      <div />
      <div />
    </div>
    <button
      className="close-btn"
      onClick={[Function]}
    >
      <span
        aria-hidden={true}
        className="fa fa-close fa-lg"
      />
    </button>
  </aside>
</span>
`;
