// Jest Snapshot v1, https://goo.gl/fbAQLP

exports[`When using snapshots Should render with an element children 1`] = `
<Default__StyledSpan>
  <Notification
    callToActions={Array []}
    className=""
    context="info"
    direction="horizontal"
    id={1}
    key=".0"
    pending={false}
    position="top-right"
    timespan={4000}
  >
    <div />
  </Notification>
</Default__StyledSpan>
`;
