// Jest Snapshot v1, https://goo.gl/fbAQLP

exports[`When using snapshots Should render with a some props and children 1`] = `
<Sidebar
  className=""
  container="parent"
  footer=""
  header=""
  loaderLabel=""
  loading={false}
  maximized={false}
  onClickBack={null}
  onClickClose={null}
  onClose={null}
  onMaximize={null}
  onOpen={null}
  onUnmaximize={null}
  opened={true}
  position="left"
  scrollContent={false}
  title=""
  width="md"
>
  <Sidebar.Header
    className=""
  >
    A title content
  </Sidebar.Header>
  <Sidebar.Footer
    className=""
  >
    A footer content
  </Sidebar.Footer>
</Sidebar>
`;

exports[`When using snapshots Should render with a title 1`] = `"<aside class=\\"left md container-parent sc-chPdSV kjQCjz\\"><header class=\\"header\\"><button class=\\"close-btn\\"><span aria-hidden=\\"true\\" class=\\"fa fa-close fa-lg\\"></span></button><h2 class=\\"sidebar-title in-header sc-kAzzGY IbZAe\\">A title</h2><div class=\\"clearfix\\"></div></header><div class=\\"content\\"><div></div></div></aside>"`;

exports[`When using snapshots Should render with an element children 1`] = `"<aside class=\\"left md container-parent sc-chPdSV kjQCjz\\"><header class=\\"header\\"><button class=\\"close-btn\\"><span aria-hidden=\\"true\\" class=\\"fa fa-close fa-lg\\"></span></button><div class=\\"clearfix\\"></div></header><div class=\\"content\\"><div></div></div></aside>"`;

exports[`When using snapshots Should render with the loading prop 1`] = `"<aside class=\\"left md container-parent sc-chPdSV kjQCjz\\"><header class=\\"header\\"><button class=\\"close-btn\\"><span aria-hidden=\\"true\\" class=\\"fa fa-close fa-lg\\"></span></button><div class=\\"clearfix\\"></div></header><div class=\\"content loading\\"><div></div></div><div class=\\"centered sc-bxivhb gIwMIC\\"><div><div class=\\"sc-htpNat jHFNJI\\"></div></div></div></aside>"`;
